╭───────────────────────────┬─────────────┬───────────────────────────────────────────────────╮
│ File                      │ Status      │ Message                                           │
├───────────────────────────┼─────────────┼───────────────────────────────────────────────────┤
│ path/to/drift/go.work     │ ✗ drift     │ go.work has changed, regenerate govendor.toml     │
│ path/to/error/go.work     │ ✗ error     │ vendor failed                                     │
│ path/to/generated/go.work │ ✓ generated │ generated govendor.toml with 10 dependencies      │
│ path/to/missing/go.work   │ ✗ missing   │ govendor.toml not found, run govendor to generate │
│ path/to/notfound/go.work  │ ✗ error     │ go.work does not exist, check path                │
│ path/to/ok/go.work        │ ✓ ok        │ govendor.toml is up to date                       │
│ path/to/skipped/go.work   │ ○ skipped   │ go.work has no external dependencies              │
╰───────────────────────────┴─────────────┴───────────────────────────────────────────────────╯