╭──────────────────────────┬─────────────┬───────────────────────────────────────────────────────────────────────────────────────────────────────╮
│ File                     │ Status      │ Message                                                                                               │
├──────────────────────────┼─────────────┼───────────────────────────────────────────────────────────────────────────────────────────────────────┤
│ path/to/drift/go.mod     │ ✗ drift     │ go.mod has changed, run 'govendor' to regenerate                                                      │
│                          │             │                                                                                                       │
│                          │             │   go.mod:        sha256-A3tDBEG/zwPthZ+l5TxH8XpVY9FRw/iEQOtMryi9zXg=                                  │
│                          │             │   govendor.toml: sha256-juCtIr7pvECB2svxXEKFvbdj/vqWUbu5EECe2te0RTI=                                  │
│ path/to/error/go.mod     │ ✗ error     │ go: github.com/nonexistent/fakerepo@v1.0.0: reading github.com/nonexistent/fakerepo/go.mod            │
│                          │             │ at revision v1.0.0: git ls-remote -q origin in                                                        │
│                          │             │ /Users/pthomas/go/pkg/mod/cache/vcs/52aff0ea21d8bd6eb4886c147731870e3188d46b62f672149e0462ee0612afe1: │
│                          │             │ exit status 128:                                                                                      │
│                          │             │     fatal: could not read Username for 'https://github.com': terminal prompts disabled                │
│                          │             │ Confirm the import path was entered correctly.                                                        │
│                          │             │ If this is a private repository, see https://golang.org/doc/faq#git_https for additional              │
│                          │             │ information.                                                                                          │
│ path/to/generated/go.mod │ ✓ generated │ generated govendor.toml with 10 dependencies                                                          │
│ path/to/missing/go.mod   │ ✗ missing   │ govendor.toml not found, run govendor to generate                                                     │
│ path/to/notfound/go.mod  │ ✗ error     │ go.mod does not exist, check path                                                                     │
│ path/to/ok/go.mod        │ ✓ ok        │ govendor.toml is up to date                                                                           │
│ path/to/skipped/go.mod   │ ○ skipped   │ go.mod has no external dependencies                                                                   │
╰──────────────────────────┴─────────────┴───────────────────────────────────────────────────────────────────────────────────────────────────────╯